Accuracy: 0.9931
Confusion matrix: [[ 974    1    0    0    1    0    1    2    1    0]
 [   0 1135    0    0    0    0    0    0    0    0]
 [   1    1 1028    0    0    0    0    2    0    0]
 [   0    0    1 1003    0    4    0    1    1    0]
 [   0    0    0    0  975    0    2    0    0    5]
 [   0    0    0    4    0  887    1    0    0    0]
 [   1    2    0    0    1    4  949    0    1    0]
 [   0    3    4    0    0    0    0 1019    1    1]
 [   0    0    2    1    0    1    0    1  967    2]
 [   0    0    0    1    6    4    0    3    1  994]]
Classification report:               precision    recall  f1-score   support

           0       1.00      0.99      1.00       980
           1       0.99      1.00      1.00      1135
           2       0.99      1.00      0.99      1032
           3       0.99      0.99      0.99      1010
           4       0.99      0.99      0.99       982
           5       0.99      0.99      0.99       892
           6       1.00      0.99      0.99       958
           7       0.99      0.99      0.99      1028
           8       0.99      0.99      0.99       974
           9       0.99      0.99      0.99      1009

    accuracy                           0.99     10000
   macro avg       0.99      0.99      0.99     10000
weighted avg       0.99      0.99      0.99     10000

Accuracy: 0.9931
Confusion matrix: [[ 974    1    0    0    1    0    1    2    1    0]
 [   0 1135    0    0    0    0    0    0    0    0]
 [   1    1 1028    0    0    0    0    2    0    0]
 [   0    0    1 1003    0    4    0    1    1    0]
 [   0    0    0    0  975    0    2    0    0    5]
 [   0    0    0    4    0  887    1    0    0    0]
 [   1    2    0    0    1    4  949    0    1    0]
 [   0    3    4    0    0    0    0 1019    1    1]
 [   0    0    2    1    0    1    0    1  967    2]
 [   0    0    0    1    6    4    0    3    1  994]]
Classification report:               precision    recall  f1-score   support

           0       1.00      0.99      1.00       980
           1       0.99      1.00      1.00      1135
           2       0.99      1.00      0.99      1032
           3       0.99      0.99      0.99      1010
           4       0.99      0.99      0.99       982
           5       0.99      0.99      0.99       892
           6       1.00      0.99      0.99       958
           7       0.99      0.99      0.99      1028
           8       0.99      0.99      0.99       974
           9       0.99      0.99      0.99      1009

    accuracy                           0.99     10000
   macro avg       0.99      0.99      0.99     10000
weighted avg       0.99      0.99      0.99     10000

